// Vitest Snapshot v1, https://vitest.dev/guide/snapshot.html

exports[`Button > renders correctly with react-test-renderer 1`] = `
<button
  className="primary"
  onClick={[Function]}
>
  ON
</button>
`;
